// Jest Snapshot v1, https://goo.gl/fbAQLP

exports[`<Header /> renders correctly 1`] = `
<Fragment>
  <div
    className="normal closeButton button"
    onClick={[Function]}
  >
    <div />
    <div />
    <div />
  </div>
  <div
    className="show"
    onClick={[Function]}
  >
    <h1
      className="name"
    >
      <div
        className="glitch"
        data-text="ronnie"
        style={
          Object {
            "--offset": "1.5s",
          }
        }
      >
        ronnie
      </div>
      <div
        className="lastName"
      >
        <span
          className="glitch"
          data-text="miksch"
          style={
            Object {
              "--offset": "1.5s",
            }
          }
        >
          miksch
        </span>
        <div
          className="periodContainer"
        >
          <div
            className="period glitch"
            data-text="."
            style={
              Object {
                "--offset": "1.5s",
              }
            }
          />
        </div>
      </div>
    </h1>
    <Navigation
      show={true}
    />
  </div>
</Fragment>
`;
