// Jest Snapshot v1, https://goo.gl/fbAQLP

exports[`<Contact /> renders correctly 1`] = `
<div
  className="container"
>
  <div
    className="box"
  >
    <div>
      Ronnie Miksch
    </div>
    <div>
      Software Developer
    </div>
    <div>
      SF Bay Area
    </div>
    <div>
      510-356-7749
    </div>
    <div>
      mikschronnie@gmail.com
    </div>
    <div>
      https://github.com/myxozoa
    </div>
  </div>
</div>
`;
